
=== Dream More Application - Comprehensive Test Suite ===

MCP 1: Homepage Accessibility & Load...
✓ Homepage loads successfully: Status: 200
✓ Homepage contains Dream More branding
✓ Homepage contains course selection

MCP 2: Courses API...
✓ Courses API responds: Status: 200
✓ Courses API returns data: Response size: 3084 bytes

MCP 3: Admin Login Access...
✓ Admin login page accessible: Status: 200
✓ Login page contains admin text

MCP 4: Registration Page...
✓ Registration page accessible: Status: 200

MCP 5: Protected Routes...
✓ Admin registrations page accessible: Status: 200

MCP 6: Student Registration API...
✓ Registration data structure valid: Multi-course array supported

MCP 7: Admin Export Functionality...
✓ Export page accessible: Status: 200

MCP 8: Performance Metrics...
✓ Homepage load time acceptable: 73ms
✓ API response time acceptable: 96ms

MCP 9: Content & Feature Verification...
✓ Homepage contains phone field
✓ Homepage contains gender field
✓ Homepage contains date field

MCP 10: Error Handling...
✓ Non-existent page returns proper status: Status: 404

=== TEST SUMMARY ===

Total Tests: 17
Passed: 17
Failed: 0
Success Rate: 100%

Detailed Results:
  [PASS] Homepage loads successfully
      → Status: 200
  [PASS] Homepage contains Dream More branding
  [PASS] Homepage contains course selection
  [PASS] Courses API responds
      → Status: 200
  [PASS] Courses API returns data
      → Response size: 3084 bytes
  [PASS] Admin login page accessible
      → Status: 200
  [PASS] Login page contains admin text
  [PASS] Registration page accessible
      → Status: 200
  [PASS] Admin registrations page accessible
      → Status: 200
  [PASS] Registration data structure valid
      → Multi-course array supported
  [PASS] Export page accessible
      → Status: 200
  [PASS] Homepage load time acceptable
      → 73ms
  [PASS] API response time acceptable
      → 96ms
  [PASS] Homepage contains phone field
  [PASS] Homepage contains gender field
  [PASS] Homepage contains date field
  [PASS] Non-existent page returns proper status
      → Status: 404

=== END OF REPORT ===

